Script started on Sun Aug 23 15:48:15 2020

The default interactive shell is now zsh.
To update your account to use zsh, please run `chsh -s /bin/zsh`.
For more details, please visit https://support.apple.com/kb/HT208050.
[?1034hbash-3.2$ git psu[K[Kush
Everything up-to-date
bash-3.2$ git push .
Everything up-to-date
bash-3.2$ git add .
bash-3.2$ git commit
hint: Waiting for your editor to close the file... [?1049h[>4;2m[?1h=[?2004h[1;17r[?12h[?12l[22;2t[22;1t[27m[29m[m[H[2J[?25l[17;1H"~/Desktop/Complete/background-generator/.git/COMMIT_EDITMSG" 13L, 326C[2;1H▽[6n[2;1H  [1;1H[>c]10;?]11;?[2;1H# Please enter the commit message for your changes. Lines starting
# with '#' will be ignored, and an empty message aborts the commit.
#
# Committer: Mac <mac@MacBook-Pro.local>
#
# On branch master
# Your branch is up to date with 'origin/master'.
#
# Changes to be committed:
#[7Cnew file:   commit
#[7Cnew file:   script.js
#
[94m~                                                                                                              [15;1H~                                                                                                              [16;1H~                                                                                                              [1;1H[?25hP+q436f\P+q6b75\P+q6b64\P+q6b72\P+q6b6c\P+q2332\P+q2334\P+q2569\P+q2a37\P+q6b31\[?12$p











[?25l[m[17;1H[1m-- INSERT --[m[17;13H[K[13;1H[K[13;1H[?25h[?25le[?25h[?25la[?25h[?25lr[?25h[?25l[14;1H[K[14;1H[?25h[?25l[94m~                                                                                                              [13;4H[?25h[?25l[m[13;3H[K[13;3H[?25h[?25l[13;2H[K[13;2H[?25h[?25l[13;1H[K[13;1H[?25h[?25ld[?25h[?25ls[?25h[?25lf[?25h[?25l[13;3H[K[13;3H[?25h[?25l[13;2H[K[13;2H[?25h[?25l[13;1H[K[13;1H[?25h[?25la[?25h[?25ld[?25h[?25ld[?25h[?25li[?25h[?25ln[?25h[?25lg[?25h[?25l [?25h[?25lj[?25h[?25ls[?25h[?25l [?25h[?25lf[?25h[?25li[?25h[?25le[?25h[?25ll[?25h[?25l[13;14H[K[13;14H[?25h[?25l[13;13H[K[13;13H[?25h[?25ll[?25h[?25le[?25h[?25l[13;14H[K[13;14H[?25h[?25l[13;13H[K[13;13H[?25h[?25lk[?25h[?25le[?25h[?25l[13;14H[K[13;14H[?25h[?25l[13;13H[K[13;13H[?25h[?25ll[?25h[?25le[?25h[?25l   e[?25h[?25l [7Ce[?25h[?25l[13;17He[13;25H[K[13;17H[?25h[?25le[13;17H[K[13;14H[?25h[?25l[13;14H[K[14;1He[14;2H[K[14;1H[?25h[?25l[13;14He
[94m~                                                                                                              [13;14H[?25h[mle[12;14H[11;14H[10;14H[9;2H[8;14H[7;14H[6;2H[7;14H[8;14H
#[10;14H[11;14H[12;14H[13;14H[?25l   e[?25h[?25l [7Ce[?25h[?25l[13;17He[13;25H[K[13;17H[?25h[?25le[13;17H[K[13;14H[?25he[?25l[14;1H[K[14;1H[?25h[?25l[15;1H[K[15;1H[?25h[?25l[16;1H[K[16;1H[?25h[?25l[1;16r[16;1H
[1;17r[16;1H[?25h[?25l[1;16r[16;1H
[1;17r[16;1H[?25h[?25li[?25h[?25ln[?25h[?25ls[?25h[?25le[?25h[?25lt[?25h[?25l[16;5H[K[16;5H[?25h[?25lr[?25h[?25lt[?25h[?25l[1;16r[16;1H
[1;17r[16;1H[?25h[?25l[94m~                                                                                                              [15;7H[?25h[?25l[m[15;6H[K[15;6H[?25h[?25l[15;5H[K[15;5H[?25h[?25l[15;4H[K[15;4H[?25h[?25l[15;3H[K[15;3H[?25h[?25l[15;2H[K[15;2H[?25h[?25l[15;1H[K[15;1H[?25h[?25l[94m~                                                                                                              [14;1H[?25h[?25l[mc[?25h[?25ll[?25h[?25le[?25h[?25la[?25h[?25lr[?25h[?25l[15;1H[K[15;1H[?25h[?25l[94m~                                                                                                              [14;6H[?25h[?25l[m[14;5H[K[14;5H[?25h[?25l[14;4H[K[14;4H[?25h[?25l[14;3H[K[14;3H[?25h[?25l[14;2H[K[14;2H[?25h[?25l[14;1H[K[14;1H[?25h[?25l[94m~                                                                                                              [13;1H[?25h[?25l~                                                                                                              [12;1H[?25h[11;1H[10;1H[9;1H[8;1H[7;1H[6;1H[5;1H[4;1H[3;1H[2;1H[1;1H[?25l[1;16r[m[1;1H[L[1;17r[1;1H# with '#' will be ignored, and an empty message aborts the commit.[?25h[?25l[1;16r[1;1H[L[1;17r[1;1H# Please enter the commit message for your changes. Lines starting[?25h[?25l[1;16r[1;1H[L[1;17r[1;1H[?25h













[?25l[16;1H[K[16;1H[?25h[?25l[1;16r[16;1H
[1;17r[16;1H[?25h[?25l[1;16r[16;1H
[1;17r[16;1H[?25h[?25l[94m~                                                                                                              [15;1H[?25h[?25l~                                                                                                              [14;1H[?25h[?25l~                                                                                                              [13;1H[?25h[?25l~                                                                                                              [12;1H[?25h[?25l~                                                                                                              [11;15H[?25h[?25l[m[11;14H[K[11;14H[?25h[?25l[11;13H[K[11;13H[?25h[?25l[11;12H[K[11;12H[?25h[?25l[11;11H[K[11;11H[?25h[?25l[?25h[?25l[11;9H[K[11;9H[?25h[?25l[11;8H[K[11;8H[?25h[?25l[?25h[?25l[11;6H[K[11;6H[?25h[?25l[11;5H[K[11;5H[?25h[?25l[11;4H[K[11;4H[?25h[?25l[11;3H[K[11;3H[?25h[?25l[11;2H[K[11;2H[?25h[?25l[11;1H[K[11;1H[?25h[?25l[94m~                                                                                                              [10;30H[?25h[?25l[m[10;29H[K[10;29H[?25h[?25l[11;1H[K[11;1H[?25h[?25l[94m~                                                                                                              [10;29H[?25h[?25l[ms[?25h[?25l[11;1H[K[11;1H[?25h[?25l[94m~                                                                                                              [10;30H[?25h[?25l[m   [?25h[9;27H[10;33H[?25lc[?25h[?25ll[?25h[?25la[?25h[?25l[10;35H[K[10;35H[?25h[?25le[?25h[?25la[?25h[?25lr[?25h[?25l[11;1H[K[11;1H[?25h[?25l[94m~                                                                                                              [10;38H[?25h[?25l[m[10;37H[K[10;37H[?25h[?25l[10;36H[K[10;36H[?25h[?25l[10;35H[K[10;35H[?25h[?25l[10;34H[K[10;34H[?25h[?25l[10;33H[K[10;33H[?25h[?25l[?25h[9;27H[8;27H[17;1H[K[8;26H[?25l[?25h

[7C[9;8H[8;8H[7;1H[6;8H[5;8H[4;1H[3;8H[2;1H[1;8H[?25l[1;16r[1;1H[L[1;17r[1;1H# Please enter the commit message for your changes. Lines starting[1;8H[?25h[?25l[1;16r[1;1H[L[1;17r[1;1H[?25h[?25l[17;1H[1m-- INSERT --[1;1H[?25h[?25l[md[?25h[?25ld[?25h[?25li[?25h[?25ln[?25h[?25lg[?25h[?25l [?25h[?25l[?25h[?25l[1;5H[K[1;5H[?25h[?25l[1;4H[K[1;4H[?25h[?25l[1;3H[K[1;3H[?25h[?25l[1;2H[K[1;2H[?25h[?25l[1;1H[K[1;1H[?25h[?25la[?25h[?25ld[?25h[?25li[?25h[?25l[1;3H[K[1;3H[?25h[?25ld[?25h[?25li[?25h[?25ln[?25h[?25lg[?25h[?25l [?25h[?25lj[?25h[?25ls[?25h[?25l [?25h[?25lf[?25h[?25li[?25h[?25ll[?25h[?25le[?25h[?25l[2;16r[2;1H[L[1;17r[2;1H[?25h[?25l[1;16r[16;1H
[1;17r[1;1Hadding js file[16;1H[94m~                                                                                                              [1;15H[?25h[m[17;1H[K[1;14H[?25l[?25h[?25l[1;14H[K[1;13H[?25h[?25l[1;13H[K[1;12H[?25h[?25l[1;12H[K[1;11H[?25h[?25l[1;11H[K[1;10H[?25h
[?25l Please enter the commit message for your changes. Lines starting[2;66H[K[2;1H[?25h[?25lPlease enter the commit message for your changes. Lines starting[2;65H[K[2;1H[?25h









[11;1H[10;1H[9;1H[8;1H[7;1H[6;1H[5;1H[4;1H[3;1H[2;1H[1;1Hadding js[?25l[?25h[?25l[17;1H[1m-- INSERT --[m[1;9H[K[1;9H[?25h[?25ld[?25h[?25l[1;9H[K[1;9H[?25h[?25ls[?25h[?25l[2;16r[2;1H[L[1;17r[2;1H[?25h[?25l[1;16r[16;1H
[1;17r[1;1Hadding js[16;1H[94m~                                                                                                              [1;10H[?25h[?25l[m [?25h[?25ls[?25h[?25l[1;11H[K[1;11H[?25h[?25lf[?25h[?25li[?25h[?25ll[?25h[?25le[?25h[?25ls[?25h[?25l[1;15H[K[1;15H[?25h[17;1H[K[1;14H[?25l[?25h[?25l[17;1H:[?2004h[?25hwq[?25l[?2004l".git/COMMIT_EDITMSG" 12L, 336C written[23;2t[23;1t
[?2004l[?1l>[?25h[>4;m[?1049l[K[master ae70287] adding js file Please enter the commit message for your changes. Lines starting
 Committer: Mac <mac@MacBook-Pro.local>
Your name and email address were configured automatically based
on your username and hostname. Please check that they are accurate.
You can suppress this message by setting them explicitly. Run the
following command and follow the instructions in your editor to edit
your configuration file:

    git config --global --edit

After doing this, you may fix the identity used for this commit with:

    git commit --amend --reset-author

 2 files changed, 72 insertions(+)
 create mode 100644 commit
 create mode 100644 script.js
bash-3.2$ git sup[K[K[Kpusg[Kh
Enumerating objects: 4, done.
Counting objects:  25% (1/4)   Counting objects:  50% (2/4)   Counting objects:  75% (3/4)   Counting objects: 100% (4/4)   Counting objects: 100% (4/4), done.
Delta compression using up to 8 threads
Compressing objects:  33% (1/3)   Compressing objects:  66% (2/3)   Compressing objects: 100% (3/3)   Compressing objects: 100% (3/3), done.
Writing objects:  33% (1/3)   Writing objects:  66% (2/3)   Writing objects: 100% (3/3)   Writing objects: 100% (3/3), 595 bytes | 595.00 KiB/s, done.
Total 3 (delta 0), reused 0 (delta 0)
To https://github.com/joxxoj/background-generator.git
   50f5347..ae70287  master -> master
bash-3.2$ git add index.html
bash-3.2$ git c[Kcommit
hint: Waiting for your editor to close the file... [?1049h[>4;2m[?1h=[?2004h[1;17r[?12h[?12l[22;2t[22;1t[27m[29m[m[H[2J[?25l[17;1H"~/Desktop/Complete/background-generator/.git/COMMIT_EDITMSG" 15L, 362C[2;1H▽[6n[2;1H  [1;1H[>c]10;?]11;?[2;1H# Please enter the commit message for your changes. Lines starting
# with '#' will be ignored, and an empty message aborts the commit.
#
# Committer: Mac <mac@MacBook-Pro.local>
#
# On branch master
# Your branch is up to date with 'origin/master'.
#
# Changes to be committed:
#[7Cmodified:   index.html
#
# Changes not staged for commit:
#[7Cmodified:   commit
#
[94m~                                                                                                              [1;1H[?25hP+q436f\P+q6b75\P+q6b64\P+q6b72\P+q6b6c\P+q2332\P+q2334\P+q2569\P+q2a37\P+q6b31\[?12$p[?25l[m[17;1H[1m-- INSERT --[m[17;13H[K[1;1H[?25h[?25ld[?25h[?25l[1;1H[K[1;1H[?25h[?25la[?25h[?25ld[?25h[?25ld[?25h[?25li[?25h[?25lm[?25h[?25lg[?25h[?25l [?25h[?25l[?25h[?25l[1;6H[K[1;6H[?25h[?25lf[?25h[?25l [?25h[?25l[?25h[?25l[1;6H[K[1;6H[?25h[?25lg[?25h[?25l [?25h[?25lh[?25h[?25l1[?25h[?25l [?25h[?25lh[?25h[?25le[?25h[?25la[?25h[?25ld[?25h[?25ll[?25h[?25li[?25h[?25ln[?25h[?25le[?25h[?25lDe[?25h[?25lQe[?25h[?25le[1;20H[K[1;19H[?25h[?25le[1;19H[K[1;18H[?25h[?25le[1;18H[K[1;17H[?25h[?25lne[?25h[?25l:e[?25h[?25lde[?25h[?25lqe[?25h[?25le[1;21H[K[1;20H[?25h[?25le[1;20H[K[1;19H[?25h[?25le[1;19H[K[1;18H[?25h